******************************************************************************
                  TI ARM Linker PC v20.2.5                     
******************************************************************************
>> Linked Sun Sep 19 15:50:57 2021

OUTPUT FILE NAME:   <example_1.out>
ENTRY POINT SYMBOL: "_c_int00_noargs"  address: 00003f65


MEMORY CONFIGURATION

         name            origin    length      used     unused   attr    fill
----------------------  --------  ---------  --------  --------  ----  --------
  FLASH                 00000000   00040000  0000412a  0003bed6  R  X
  SRAM                  20000000   00008000  00005194  00002e6c  RW X


SEGMENT ALLOCATION MAP

run origin  load origin   length   init length attrs members
----------  ----------- ---------- ----------- ----- -------
00000000    00000000    00004130   00004130    r-x
  00000000    00000000    0000026c   0000026c    r-- .intvecs
  0000026c    0000026c    00003e06   00003e06    r-x .text
  00004074    00004074    00000078   00000078    r-- .const
  000040f0    000040f0    00000040   00000040    r-- .cinit
20000000    20000000    00005194   00000000    rw-
  20000000    20000000    00004f48   00000000    rw- .bss
  20004f48    20004f48    00000200   00000000    rw- .stack
  20005148    20005148    0000004c   00000000    rw- .data


SECTION ALLOCATION MAP

 output                                  attributes/
section   page    origin      length       input sections
--------  ----  ----------  ----------   ----------------
.intvecs   0    00000000    0000026c     
                  00000000    0000026c     tm4c1231h6pm_startup_ccs.obj (.intvecs)

.text      0    0000026c    00003e06     
                  0000026c    000023b4     tasks.obj (.text)
                  00002620    00000d84     queue.obj (.text)
                  000033a4    000001c8     port.obj (.text)
                  0000356c    0000017c     main.obj (.text)
                  000036e8    0000016c     driverlib.lib : gpio.obj (.text:GPIOPadConfigSet)
                  00003854    00000132     list.obj (.text)
                  00003986    00000002     --HOLE-- [fill = 0]
                  00003988    00000118     driverlib.lib : sysctl.obj (.text:SysCtlClockGet)
                  00003aa0    000000f4                   : sysctl.obj (.text:SysCtlClockSet)
                  00003b94    000000da     portasm.obj (.text)
                  00003c6e    00000002     --HOLE-- [fill = 0]
                  00003c70    000000b8     heap_1.obj (.text)
                  00003d28    0000009c     rtsv7M4_T_le_v4SPD16_eabi.lib : memcpy_t2.asm.obj (.text)
                  00003dc4    0000007a                                   : memset_t2.asm.obj (.text)
                  00003e3e    00000068                                   : copy_decompress_lzss.c.obj (.text:decompress:lzss:__TI_decompress_lzss)
                  00003ea6    00000046     driverlib.lib : uart.obj (.text:UARTConfigSetExpClk)
                  00003eec    00000044     rtsv7M4_T_le_v4SPD16_eabi.lib : autoinit.c.obj (.text:__TI_auto_init_nobinit_nopinit:__TI_auto_init_nobinit_nopinit)
                  00003f30    00000034     driverlib.lib : sysctl.obj (.text:SysCtlPeripheralEnable)
                  00003f64    00000034     rtsv7M4_T_le_v4SPD16_eabi.lib : boot_cortex_m.c.obj (.text:_c_int00_noargs:_c_int00_noargs)
                  00003f98    0000002c     driverlib.lib : gpio.obj (.text:GPIODirModeSet)
                  00003fc4    00000020                   : uart.obj (.text:UARTDisable)
                  00003fe4    0000001a                   : gpio.obj (.text:GPIOPinTypeGPIOOutput)
                  00003ffe    00000016                   : gpio.obj (.text:GPIOPinTypeUART)
                  00004014    00000014                   : uart.obj (.text:UARTEnable)
                  00004028    0000000e     rtsv7M4_T_le_v4SPD16_eabi.lib : copy_decompress_none.c.obj (.text:decompress:none:__TI_decompress_none)
                  00004036    0000000c                                   : copy_zero_init.c.obj (.text:decompress:ZI:__TI_zero_init)
                  00004042    0000000c     tm4c1231h6pm_startup_ccs.obj (.text)
                  0000404e    0000000a     driverlib.lib : uart.obj (.text:UARTCharGet)
                  00004058    00000006                   : gpio.obj (.text:GPIOPinWrite)
                  0000405e    00000006                   : sysctl.obj (.text:SysCtlDelay)
                  00004064    00000006                   : uart.obj (.text:UARTClockSourceSet)
                  0000406a    00000004     rtsv7M4_T_le_v4SPD16_eabi.lib : pre_init.c.obj (.text:_system_pre_init)
                  0000406e    00000004                                   : exit.c.obj (.text:abort:abort)

.const     0    00004074    00000078     
                  00004074    0000006c     driverlib.lib : sysctl.obj (.const:g_pui32Xtals)
                  000040e0    00000008     port.obj (.const)
                  000040e8    00000004     tasks.obj (.const)

.cinit     0    000040f0    00000040     
                  000040f0    00000019     (.cinit..data.load) [load image, compression = lzss]
                  00004109    00000003     --HOLE-- [fill = 0]
                  0000410c    0000000c     (__TI_handler_table)
                  00004118    00000008     (.cinit..bss.load) [load image, compression = zero_init]
                  00004120    00000010     (__TI_cinit_table)

.init_array 
*          0    00000000    00000000     UNINITIALIZED

.bss       0    20000000    00004f48     UNINITIALIZED
                  20000000    00004e20     heap_1.obj (.bss:ucHeap)
                  20004e20    00000064     tasks.obj (.bss:pxReadyTasksLists)
                  20004e84    00000050     (.common:xQueueRegistry)
                  20004ed4    00000014     tasks.obj (.bss:xDelayedTaskList1)
                  20004ee8    00000014     tasks.obj (.bss:xDelayedTaskList2)
                  20004efc    00000014     tasks.obj (.bss:xPendingReadyList)
                  20004f10    00000014     tasks.obj (.bss:xSuspendedTaskList)
                  20004f24    00000014     tasks.obj (.bss:xTasksWaitingTermination)
                  20004f38    00000008     tasks.obj (.bss)
                  20004f40    00000004     (.common:LED_Color)
                  20004f44    00000004     (.common:dataFromUART)

.data      0    20005148    0000004c     UNINITIALIZED
                  20005148    00000034     tasks.obj (.data)
                  2000517c    0000000c     port.obj (.data)
                  20005188    00000008     heap_1.obj (.data)
                  20005190    00000004     main.obj (.data)

.stack     0    20004f48    00000200     UNINITIALIZED
                  20004f48    00000004     rtsv7M4_T_le_v4SPD16_eabi.lib : boot_cortex_m.c.obj (.stack)
                  20004f4c    000001fc     --HOLE--

__llvm_prf_cnts 
*          0    20000000    00000000     UNINITIALIZED

MODULE SUMMARY

       Module                         code    ro data   rw data
       ------                         ----    -------   -------
    .\
       heap_1.obj                     184     0         20008  
       tasks.obj                      9140    4         260    
       queue.obj                      3460    0         80     
       tm4c1231h6pm_startup_ccs.obj   12      620       0      
       port.obj                       456     8         12     
       main.obj                       380     0         12     
       list.obj                       306     0         0      
       portasm.obj                    218     0         0      
    +--+------------------------------+-------+---------+---------+
       Total:                         14156   632       20372  
                                                               
    C:/ti/TivaWare_C_Series-2.2.0.295/driverlib/ccs/Debug/driverlib.lib
       sysctl.obj                     582     108       0      
       gpio.obj                       462     0         0      
       uart.obj                       138     0         0      
    +--+------------------------------+-------+---------+---------+
       Total:                         1182    108       0      
                                                               
    C:\ti\ccs1040\ccs\tools\compiler\ti-cgt-arm_20.2.5.LTS\lib\rtsv7M4_T_le_v4SPD16_eabi.lib
       memcpy_t2.asm.obj              156     0         0      
       memset_t2.asm.obj              122     0         0      
       copy_decompress_lzss.c.obj     104     0         0      
       autoinit.c.obj                 68      0         0      
       boot_cortex_m.c.obj            52      0         0      
       copy_decompress_none.c.obj     14      0         0      
       copy_zero_init.c.obj           12      0         0      
       exit.c.obj                     4       0         0      
       pre_init.c.obj                 4       0         0      
    +--+------------------------------+-------+---------+---------+
       Total:                         536     0         0      
                                                               
       Stack:                         0       0         512    
       Linker Generated:              0       61        0      
    +--+------------------------------+-------+---------+---------+
       Grand Total:                   15874   801       20884  


LINKER GENERATED COPY TABLES

__TI_cinit_table @ 00004120 records: 2, size/record: 8, table size: 16
	.data: load addr=000040f0, load size=00000019 bytes, run addr=20005148, run size=0000004c bytes, compression=lzss
	.bss: load addr=00004118, load size=00000008 bytes, run addr=20000000, run size=00004f48 bytes, compression=zero_init


LINKER GENERATED HANDLER TABLE

__TI_handler_table @ 0000410c records: 3, size/record: 4, table size: 12
	index: 0, handler: __TI_decompress_lzss
	index: 1, handler: __TI_decompress_none
	index: 2, handler: __TI_zero_init


GLOBAL SYMBOLS: SORTED ALPHABETICALLY BY Name 

address   name                               
-------   ----                               
0000406f  C$$EXIT                            
00003f99  GPIODirModeSet                     
000036e9  GPIOPadConfigSet                   
00003fe5  GPIOPinTypeGPIOOutput              
00003fff  GPIOPinTypeUART                    
00004059  GPIOPinWrite                       
20004f40  LED_Color                          
000035ff  PORTF_Init                         
00004043  ResetISR                           
00003989  SysCtlClockGet                     
00003aa1  SysCtlClockSet                     
0000405f  SysCtlDelay                        
00003f31  SysCtlPeripheralEnable             
00003611  UART0_Init                         
0000404f  UARTCharGet                        
00004065  UARTClockSourceSet                 
00003ea7  UARTConfigSetExpClk                
00003fc5  UARTDisable                        
00004015  UARTEnable                         
20005148  __STACK_END                        
00000200  __STACK_SIZE                       
20005148  __STACK_TOP                        
00004120  __TI_CINIT_Base                    
00004130  __TI_CINIT_Limit                   
0000410c  __TI_Handler_Table_Base            
00004118  __TI_Handler_Table_Limit           
00003eed  __TI_auto_init_nobinit_nopinit     
00003e3f  __TI_decompress_lzss               
00004029  __TI_decompress_none               
ffffffff  __TI_pprof_out_hndl                
ffffffff  __TI_prof_data_size                
ffffffff  __TI_prof_data_start               
00000000  __TI_static_base__                 
00004037  __TI_zero_init                     
00003dc5  __aeabi_memclr                     
00003dc5  __aeabi_memclr4                    
00003dc5  __aeabi_memclr8                    
00003d29  __aeabi_memcpy                     
00003d29  __aeabi_memcpy4                    
00003d29  __aeabi_memcpy8                    
00003dc7  __aeabi_memset                     
00003dc7  __aeabi_memset4                    
00003dc7  __aeabi_memset8                    
ffffffff  __binit__                          
ffffffff  __c_args__                         
UNDEFED   __mpu_init                         
20004f48  __stack                            
20000000  __start___llvm_prf_cnts            
20000000  __stop___llvm_prf_cnts             
00003f65  _c_int00_noargs                    
UNDEFED   _system_post_cinit                 
0000406b  _system_pre_init                   
0000406f  abort                              
ffffffff  binit                              
20004f44  dataFromUART                       
00000655  eTaskGetState                      
00000000  g_pfnVectors                       
0000364b  main                               
00003d29  memcpy                             
00003dcd  memset                             
00003317  pcQueueGetName                     
00000e19  pcTaskGetName                      
00003c71  pvPortMalloc                       
00001e1f  pvTaskIncrementMutexHeldCount      
20005148  pxCurrentTCB                       
000033a5  pxPortInitialiseStack              
0000356d  task1                              
000035d3  task2                              
00003043  ucQueueGetQueueType                
000040e0  ulMaxSyscallInterruptPriority      
00003ba5  ulPortGetIPSR                      
00001e45  ulTaskGenericNotifyTake            
000024d3  ulTaskGenericNotifyValueClear      
0000393f  uxListRemove                       
00003023  uxQueueGetQueueNumber              
00002fc1  uxQueueMessagesWaiting             
00002ff7  uxQueueMessagesWaitingFromISR      
00002fd7  uxQueueSpacesAvailable             
00000e0d  uxTaskGetNumberOfTasks             
00001a65  uxTaskGetStackHighWaterMark        
00000fa9  uxTaskGetSystemState               
000017d1  uxTaskGetTaskNumber                
00000719  uxTaskPriorityGet                  
00000741  uxTaskPriorityGetFromISR           
00001df9  uxTaskResetEventItemValue          
000040e8  uxTopUsedPriority                  
00003855  vListInitialise                    
00003885  vListInitialiseItem                
000038d1  vListInsert                        
00003895  vListInsertEnd                     
00003c61  vPortEnableVFP                     
000034a3  vPortEndScheduler                  
000034a5  vPortEnterCritical                 
000034c5  vPortExitCritical                  
00003cfd  vPortFree                          
00003d07  vPortInitialiseBlocks              
00003c1d  vPortSVCHandler                    
00003501  vPortSetupTimerInterrupt           
00003c3d  vPortStartFirstTask                
0000351b  vPortValidateInterruptPriority     
000032a9  vQueueAddToRegistry                
0000300d  vQueueDelete                       
00003031  vQueueSetQueueNumber               
00003357  vQueueUnregisterQueue              
00000601  vTaskDelay                         
000004c7  vTaskDelete                        
00000be1  vTaskEndScheduler                  
00002321  vTaskGenericNotifyGiveFromISR      
000018d5  vTaskGetInfo                       
000016fb  vTaskInternalSetTimeOutState       
000017c5  vTaskMissedYield                   
000013d1  vTaskPlaceOnEventList              
00001401  vTaskPlaceOnUnorderedEventList     
00001d05  vTaskPriorityDisinheritAfterTimeout
0000078d  vTaskPrioritySet                   
000015c1  vTaskRemoveFromUnorderedEventList  
000009ef  vTaskResume                        
000017f1  vTaskSetTaskNumber                 
000016dd  vTaskSetTimeOutState               
00000b97  vTaskStartScheduler                
000008dd  vTaskSuspend                       
00000bfd  vTaskSuspendAll                    
0000134d  vTaskSwitchContext                 
00003d0f  xPortGetFreeHeapSize               
00003bbd  xPortPendSVHandler                 
0000340f  xPortStartScheduler                
000034db  xPortSysTickHandler                
0000287d  xQueueCreateCountingSemaphore      
000027cd  xQueueCreateMutex                  
000026f3  xQueueGenericCreate                
00002621  xQueueGenericReset                 
000028ad  xQueueGenericSend                  
000029e3  xQueueGenericSendFromISR           
00002a89  xQueueGiveFromISR                  
000027f9  xQueueGiveMutexRecursive           
0000323d  xQueueIsQueueEmptyFromISR          
00003283  xQueueIsQueueFullFromISR           
00002da5  xQueuePeek                         
00002f6b  xQueuePeekFromISR                  
00002b21  xQueueReceive                      
00002ecd  xQueueReceiveFromISR               
20004e84  xQueueRegistry                     
00002c45  xQueueSemaphoreTake                
00002835  xQueueTakeMutexRecursive           
000010a1  xTaskAbortDelay                    
00001081  xTaskCatchUpTicks                  
00001719  xTaskCheckForTimeOut               
0000026d  xTaskCreate                        
00000553  xTaskDelayUntil                    
00001fb5  xTaskGenericNotify                 
0000213d  xTaskGenericNotifyFromISR          
00002489  xTaskGenericNotifyStateClear       
00001eeb  xTaskGenericNotifyWait             
00001ad1  xTaskGetCurrentTaskHandle          
00000f25  xTaskGetHandle                     
0000107b  xTaskGetIdleTaskHandle             
00001af1  xTaskGetSchedulerState             
00000db9  xTaskGetTickCount                  
00000dd9  xTaskGetTickCountFromISR           
00001181  xTaskIncrementTick                 
00001c31  xTaskPriorityDisinherit            
00001b31  xTaskPriorityInherit               
0000146d  xTaskRemoveFromEventList           
00000c19  xTaskResumeAll                     
00000abd  xTaskResumeFromISR                 


GLOBAL SYMBOLS: SORTED BY Symbol Address 

address   name                               
-------   ----                               
00000000  __TI_static_base__                 
00000000  g_pfnVectors                       
00000200  __STACK_SIZE                       
0000026d  xTaskCreate                        
000004c7  vTaskDelete                        
00000553  xTaskDelayUntil                    
00000601  vTaskDelay                         
00000655  eTaskGetState                      
00000719  uxTaskPriorityGet                  
00000741  uxTaskPriorityGetFromISR           
0000078d  vTaskPrioritySet                   
000008dd  vTaskSuspend                       
000009ef  vTaskResume                        
00000abd  xTaskResumeFromISR                 
00000b97  vTaskStartScheduler                
00000be1  vTaskEndScheduler                  
00000bfd  vTaskSuspendAll                    
00000c19  xTaskResumeAll                     
00000db9  xTaskGetTickCount                  
00000dd9  xTaskGetTickCountFromISR           
00000e0d  uxTaskGetNumberOfTasks             
00000e19  pcTaskGetName                      
00000f25  xTaskGetHandle                     
00000fa9  uxTaskGetSystemState               
0000107b  xTaskGetIdleTaskHandle             
00001081  xTaskCatchUpTicks                  
000010a1  xTaskAbortDelay                    
00001181  xTaskIncrementTick                 
0000134d  vTaskSwitchContext                 
000013d1  vTaskPlaceOnEventList              
00001401  vTaskPlaceOnUnorderedEventList     
0000146d  xTaskRemoveFromEventList           
000015c1  vTaskRemoveFromUnorderedEventList  
000016dd  vTaskSetTimeOutState               
000016fb  vTaskInternalSetTimeOutState       
00001719  xTaskCheckForTimeOut               
000017c5  vTaskMissedYield                   
000017d1  uxTaskGetTaskNumber                
000017f1  vTaskSetTaskNumber                 
000018d5  vTaskGetInfo                       
00001a65  uxTaskGetStackHighWaterMark        
00001ad1  xTaskGetCurrentTaskHandle          
00001af1  xTaskGetSchedulerState             
00001b31  xTaskPriorityInherit               
00001c31  xTaskPriorityDisinherit            
00001d05  vTaskPriorityDisinheritAfterTimeout
00001df9  uxTaskResetEventItemValue          
00001e1f  pvTaskIncrementMutexHeldCount      
00001e45  ulTaskGenericNotifyTake            
00001eeb  xTaskGenericNotifyWait             
00001fb5  xTaskGenericNotify                 
0000213d  xTaskGenericNotifyFromISR          
00002321  vTaskGenericNotifyGiveFromISR      
00002489  xTaskGenericNotifyStateClear       
000024d3  ulTaskGenericNotifyValueClear      
00002621  xQueueGenericReset                 
000026f3  xQueueGenericCreate                
000027cd  xQueueCreateMutex                  
000027f9  xQueueGiveMutexRecursive           
00002835  xQueueTakeMutexRecursive           
0000287d  xQueueCreateCountingSemaphore      
000028ad  xQueueGenericSend                  
000029e3  xQueueGenericSendFromISR           
00002a89  xQueueGiveFromISR                  
00002b21  xQueueReceive                      
00002c45  xQueueSemaphoreTake                
00002da5  xQueuePeek                         
00002ecd  xQueueReceiveFromISR               
00002f6b  xQueuePeekFromISR                  
00002fc1  uxQueueMessagesWaiting             
00002fd7  uxQueueSpacesAvailable             
00002ff7  uxQueueMessagesWaitingFromISR      
0000300d  vQueueDelete                       
00003023  uxQueueGetQueueNumber              
00003031  vQueueSetQueueNumber               
00003043  ucQueueGetQueueType                
0000323d  xQueueIsQueueEmptyFromISR          
00003283  xQueueIsQueueFullFromISR           
000032a9  vQueueAddToRegistry                
00003317  pcQueueGetName                     
00003357  vQueueUnregisterQueue              
000033a5  pxPortInitialiseStack              
0000340f  xPortStartScheduler                
000034a3  vPortEndScheduler                  
000034a5  vPortEnterCritical                 
000034c5  vPortExitCritical                  
000034db  xPortSysTickHandler                
00003501  vPortSetupTimerInterrupt           
0000351b  vPortValidateInterruptPriority     
0000356d  task1                              
000035d3  task2                              
000035ff  PORTF_Init                         
00003611  UART0_Init                         
0000364b  main                               
000036e9  GPIOPadConfigSet                   
00003855  vListInitialise                    
00003885  vListInitialiseItem                
00003895  vListInsertEnd                     
000038d1  vListInsert                        
0000393f  uxListRemove                       
00003989  SysCtlClockGet                     
00003aa1  SysCtlClockSet                     
00003ba5  ulPortGetIPSR                      
00003bbd  xPortPendSVHandler                 
00003c1d  vPortSVCHandler                    
00003c3d  vPortStartFirstTask                
00003c61  vPortEnableVFP                     
00003c71  pvPortMalloc                       
00003cfd  vPortFree                          
00003d07  vPortInitialiseBlocks              
00003d0f  xPortGetFreeHeapSize               
00003d29  __aeabi_memcpy                     
00003d29  __aeabi_memcpy4                    
00003d29  __aeabi_memcpy8                    
00003d29  memcpy                             
00003dc5  __aeabi_memclr                     
00003dc5  __aeabi_memclr4                    
00003dc5  __aeabi_memclr8                    
00003dc7  __aeabi_memset                     
00003dc7  __aeabi_memset4                    
00003dc7  __aeabi_memset8                    
00003dcd  memset                             
00003e3f  __TI_decompress_lzss               
00003ea7  UARTConfigSetExpClk                
00003eed  __TI_auto_init_nobinit_nopinit     
00003f31  SysCtlPeripheralEnable             
00003f65  _c_int00_noargs                    
00003f99  GPIODirModeSet                     
00003fc5  UARTDisable                        
00003fe5  GPIOPinTypeGPIOOutput              
00003fff  GPIOPinTypeUART                    
00004015  UARTEnable                         
00004029  __TI_decompress_none               
00004037  __TI_zero_init                     
00004043  ResetISR                           
0000404f  UARTCharGet                        
00004059  GPIOPinWrite                       
0000405f  SysCtlDelay                        
00004065  UARTClockSourceSet                 
0000406b  _system_pre_init                   
0000406f  C$$EXIT                            
0000406f  abort                              
000040e0  ulMaxSyscallInterruptPriority      
000040e8  uxTopUsedPriority                  
0000410c  __TI_Handler_Table_Base            
00004118  __TI_Handler_Table_Limit           
00004120  __TI_CINIT_Base                    
00004130  __TI_CINIT_Limit                   
20000000  __start___llvm_prf_cnts            
20000000  __stop___llvm_prf_cnts             
20004e84  xQueueRegistry                     
20004f40  LED_Color                          
20004f44  dataFromUART                       
20004f48  __stack                            
20005148  __STACK_END                        
20005148  __STACK_TOP                        
20005148  pxCurrentTCB                       
ffffffff  __TI_pprof_out_hndl                
ffffffff  __TI_prof_data_size                
ffffffff  __TI_prof_data_start               
ffffffff  __binit__                          
ffffffff  __c_args__                         
ffffffff  binit                              
UNDEFED   __mpu_init                         
UNDEFED   _system_post_cinit                 

[165 symbols]
