******************************************************************************
                  TI ARM Linker PC v20.2.5                     
******************************************************************************
>> Linked Sun Sep 19 16:05:48 2021

OUTPUT FILE NAME:   <UART_QUEUES.out>
ENTRY POINT SYMBOL: "_c_int00_noargs"  address: 00003f49


MEMORY CONFIGURATION

         name            origin    length      used     unused   attr    fill
----------------------  --------  ---------  --------  --------  ----  --------
  FLASH                 00000000   00040000  0000410e  0003bef2  R  X
  SRAM                  20000000   00008000  00005190  00002e70  RW X


SEGMENT ALLOCATION MAP

run origin  load origin   length   init length attrs members
----------  ----------- ---------- ----------- ----- -------
00000000    00000000    00004110   00004110    r-x
  00000000    00000000    0000026c   0000026c    r-- .intvecs
  0000026c    0000026c    00003dea   00003dea    r-x .text
  00004058    00004058    00000078   00000078    r-- .const
  000040d0    000040d0    00000040   00000040    r-- .cinit
20000000    20000000    00005194   00000000    rw-
  20000000    20000000    00004f44   00000000    rw- .bss
  20004f48    20004f48    00000200   00000000    rw- .stack
  20005148    20005148    0000004c   00000000    rw- .data


SECTION ALLOCATION MAP

 output                                  attributes/
section   page    origin      length       input sections
--------  ----  ----------  ----------   ----------------
.intvecs   0    00000000    0000026c     
                  00000000    0000026c     tm4c1231h6pm_startup_ccs.obj (.intvecs)

.text      0    0000026c    00003dea     
                  0000026c    000023b4     tasks.obj (.text)
                  00002620    00000d84     queue.obj (.text)
                  000033a4    000001c8     port.obj (.text)
                  0000356c    0000016c     driverlib.lib : gpio.obj (.text:GPIOPadConfigSet)
                  000036d8    00000160     main.obj (.text)
                  00003838    00000132     list.obj (.text)
                  0000396a    00000002     --HOLE-- [fill = 0]
                  0000396c    00000118     driverlib.lib : sysctl.obj (.text:SysCtlClockGet)
                  00003a84    000000f4                   : sysctl.obj (.text:SysCtlClockSet)
                  00003b78    000000da     portasm.obj (.text)
                  00003c52    00000002     --HOLE-- [fill = 0]
                  00003c54    000000b8     heap_1.obj (.text)
                  00003d0c    0000009c     rtsv7M4_T_le_v4SPD16_eabi.lib : memcpy_t2.asm.obj (.text)
                  00003da8    0000007a                                   : memset_t2.asm.obj (.text)
                  00003e22    00000068                                   : copy_decompress_lzss.c.obj (.text:decompress:lzss:__TI_decompress_lzss)
                  00003e8a    00000046     driverlib.lib : uart.obj (.text:UARTConfigSetExpClk)
                  00003ed0    00000044     rtsv7M4_T_le_v4SPD16_eabi.lib : autoinit.c.obj (.text:__TI_auto_init_nobinit_nopinit:__TI_auto_init_nobinit_nopinit)
                  00003f14    00000034     driverlib.lib : sysctl.obj (.text:SysCtlPeripheralEnable)
                  00003f48    00000034     rtsv7M4_T_le_v4SPD16_eabi.lib : boot_cortex_m.c.obj (.text:_c_int00_noargs:_c_int00_noargs)
                  00003f7c    0000002c     driverlib.lib : gpio.obj (.text:GPIODirModeSet)
                  00003fa8    00000020                   : uart.obj (.text:UARTDisable)
                  00003fc8    0000001a                   : gpio.obj (.text:GPIOPinTypeGPIOOutput)
                  00003fe2    00000016                   : gpio.obj (.text:GPIOPinTypeUART)
                  00003ff8    00000014                   : uart.obj (.text:UARTEnable)
                  0000400c    0000000e     rtsv7M4_T_le_v4SPD16_eabi.lib : copy_decompress_none.c.obj (.text:decompress:none:__TI_decompress_none)
                  0000401a    0000000c                                   : copy_zero_init.c.obj (.text:decompress:ZI:__TI_zero_init)
                  00004026    0000000c     tm4c1231h6pm_startup_ccs.obj (.text)
                  00004032    0000000a     driverlib.lib : uart.obj (.text:UARTCharGet)
                  0000403c    00000006                   : gpio.obj (.text:GPIOPinWrite)
                  00004042    00000006                   : sysctl.obj (.text:SysCtlDelay)
                  00004048    00000006                   : uart.obj (.text:UARTClockSourceSet)
                  0000404e    00000004     rtsv7M4_T_le_v4SPD16_eabi.lib : pre_init.c.obj (.text:_system_pre_init)
                  00004052    00000004                                   : exit.c.obj (.text:abort:abort)

.const     0    00004058    00000078     
                  00004058    0000006c     driverlib.lib : sysctl.obj (.const:g_pui32Xtals)
                  000040c4    00000008     port.obj (.const)
                  000040cc    00000004     tasks.obj (.const)

.cinit     0    000040d0    00000040     
                  000040d0    00000019     (.cinit..data.load) [load image, compression = lzss]
                  000040e9    00000003     --HOLE-- [fill = 0]
                  000040ec    0000000c     (__TI_handler_table)
                  000040f8    00000008     (.cinit..bss.load) [load image, compression = zero_init]
                  00004100    00000010     (__TI_cinit_table)

.init_array 
*          0    00000000    00000000     UNINITIALIZED

.bss       0    20000000    00004f44     UNINITIALIZED
                  20000000    00004e20     heap_1.obj (.bss:ucHeap)
                  20004e20    00000064     tasks.obj (.bss:pxReadyTasksLists)
                  20004e84    00000050     (.common:xQueueRegistry)
                  20004ed4    00000014     tasks.obj (.bss:xDelayedTaskList1)
                  20004ee8    00000014     tasks.obj (.bss:xDelayedTaskList2)
                  20004efc    00000014     tasks.obj (.bss:xPendingReadyList)
                  20004f10    00000014     tasks.obj (.bss:xSuspendedTaskList)
                  20004f24    00000014     tasks.obj (.bss:xTasksWaitingTermination)
                  20004f38    00000008     tasks.obj (.bss)
                  20004f40    00000004     (.common:dataFromUART)

.data      0    20005148    0000004c     UNINITIALIZED
                  20005148    00000034     tasks.obj (.data)
                  2000517c    0000000c     port.obj (.data)
                  20005188    00000008     heap_1.obj (.data)
                  20005190    00000004     main.obj (.data)

.stack     0    20004f48    00000200     UNINITIALIZED
                  20004f48    00000004     rtsv7M4_T_le_v4SPD16_eabi.lib : boot_cortex_m.c.obj (.stack)
                  20004f4c    000001fc     --HOLE--

__llvm_prf_cnts 
*          0    20000000    00000000     UNINITIALIZED

MODULE SUMMARY

       Module                         code    ro data   rw data
       ------                         ----    -------   -------
    .\
       heap_1.obj                     184     0         20008  
       tasks.obj                      9140    4         260    
       queue.obj                      3460    0         80     
       tm4c1231h6pm_startup_ccs.obj   12      620       0      
       port.obj                       456     8         12     
       main.obj                       352     0         8      
       list.obj                       306     0         0      
       portasm.obj                    218     0         0      
    +--+------------------------------+-------+---------+---------+
       Total:                         14128   632       20368  
                                                               
    C:/ti/TivaWare_C_Series-2.2.0.295/driverlib/ccs/Debug/driverlib.lib
       sysctl.obj                     582     108       0      
       gpio.obj                       462     0         0      
       uart.obj                       138     0         0      
    +--+------------------------------+-------+---------+---------+
       Total:                         1182    108       0      
                                                               
    C:\ti\ccs1040\ccs\tools\compiler\ti-cgt-arm_20.2.5.LTS\lib\rtsv7M4_T_le_v4SPD16_eabi.lib
       memcpy_t2.asm.obj              156     0         0      
       memset_t2.asm.obj              122     0         0      
       copy_decompress_lzss.c.obj     104     0         0      
       autoinit.c.obj                 68      0         0      
       boot_cortex_m.c.obj            52      0         0      
       copy_decompress_none.c.obj     14      0         0      
       copy_zero_init.c.obj           12      0         0      
       exit.c.obj                     4       0         0      
       pre_init.c.obj                 4       0         0      
    +--+------------------------------+-------+---------+---------+
       Total:                         536     0         0      
                                                               
       Stack:                         0       0         512    
       Linker Generated:              0       61        0      
    +--+------------------------------+-------+---------+---------+
       Grand Total:                   15846   801       20880  


LINKER GENERATED COPY TABLES

__TI_cinit_table @ 00004100 records: 2, size/record: 8, table size: 16
	.data: load addr=000040d0, load size=00000019 bytes, run addr=20005148, run size=0000004c bytes, compression=lzss
	.bss: load addr=000040f8, load size=00000008 bytes, run addr=20000000, run size=00004f44 bytes, compression=zero_init


LINKER GENERATED HANDLER TABLE

__TI_handler_table @ 000040ec records: 3, size/record: 4, table size: 12
	index: 0, handler: __TI_decompress_lzss
	index: 1, handler: __TI_decompress_none
	index: 2, handler: __TI_zero_init


GLOBAL SYMBOLS: SORTED ALPHABETICALLY BY Name 

address   name                               
-------   ----                               
00004053  C$$EXIT                            
00003f7d  GPIODirModeSet                     
0000356d  GPIOPadConfigSet                   
00003fc9  GPIOPinTypeGPIOOutput              
00003fe3  GPIOPinTypeUART                    
0000403d  GPIOPinWrite                       
0000375f  PORTF_Init                         
00004027  ResetISR                           
0000396d  SysCtlClockGet                     
00003a85  SysCtlClockSet                     
00004043  SysCtlDelay                        
00003f15  SysCtlPeripheralEnable             
00003771  UART0_Init                         
00004033  UARTCharGet                        
00004049  UARTClockSourceSet                 
00003e8b  UARTConfigSetExpClk                
00003fa9  UARTDisable                        
00003ff9  UARTEnable                         
20005148  __STACK_END                        
00000200  __STACK_SIZE                       
20005148  __STACK_TOP                        
00004100  __TI_CINIT_Base                    
00004110  __TI_CINIT_Limit                   
000040ec  __TI_Handler_Table_Base            
000040f8  __TI_Handler_Table_Limit           
00003ed1  __TI_auto_init_nobinit_nopinit     
00003e23  __TI_decompress_lzss               
0000400d  __TI_decompress_none               
ffffffff  __TI_pprof_out_hndl                
ffffffff  __TI_prof_data_size                
ffffffff  __TI_prof_data_start               
00000000  __TI_static_base__                 
0000401b  __TI_zero_init                     
00003da9  __aeabi_memclr                     
00003da9  __aeabi_memclr4                    
00003da9  __aeabi_memclr8                    
00003d0d  __aeabi_memcpy                     
00003d0d  __aeabi_memcpy4                    
00003d0d  __aeabi_memcpy8                    
00003dab  __aeabi_memset                     
00003dab  __aeabi_memset4                    
00003dab  __aeabi_memset8                    
ffffffff  __binit__                          
ffffffff  __c_args__                         
UNDEFED   __mpu_init                         
20004f48  __stack                            
20000000  __start___llvm_prf_cnts            
20000000  __stop___llvm_prf_cnts             
00003f49  _c_int00_noargs                    
UNDEFED   _system_post_cinit                 
0000404f  _system_pre_init                   
00004053  abort                              
ffffffff  binit                              
20004f40  dataFromUART                       
00000655  eTaskGetState                      
00000000  g_pfnVectors                       
000037ab  main                               
00003d0d  memcpy                             
00003db1  memset                             
00003317  pcQueueGetName                     
00000e19  pcTaskGetName                      
00003c55  pvPortMalloc                       
00001e1f  pvTaskIncrementMutexHeldCount      
20005148  pxCurrentTCB                       
000033a5  pxPortInitialiseStack              
000036d9  task1                              
00003741  task2                              
00003043  ucQueueGetQueueType                
000040c4  ulMaxSyscallInterruptPriority      
00003b89  ulPortGetIPSR                      
00001e45  ulTaskGenericNotifyTake            
000024d3  ulTaskGenericNotifyValueClear      
00003923  uxListRemove                       
00003023  uxQueueGetQueueNumber              
00002fc1  uxQueueMessagesWaiting             
00002ff7  uxQueueMessagesWaitingFromISR      
00002fd7  uxQueueSpacesAvailable             
00000e0d  uxTaskGetNumberOfTasks             
00001a65  uxTaskGetStackHighWaterMark        
00000fa9  uxTaskGetSystemState               
000017d1  uxTaskGetTaskNumber                
00000719  uxTaskPriorityGet                  
00000741  uxTaskPriorityGetFromISR           
00001df9  uxTaskResetEventItemValue          
000040cc  uxTopUsedPriority                  
00003839  vListInitialise                    
00003869  vListInitialiseItem                
000038b5  vListInsert                        
00003879  vListInsertEnd                     
00003c45  vPortEnableVFP                     
000034a3  vPortEndScheduler                  
000034a5  vPortEnterCritical                 
000034c5  vPortExitCritical                  
00003ce1  vPortFree                          
00003ceb  vPortInitialiseBlocks              
00003c01  vPortSVCHandler                    
00003501  vPortSetupTimerInterrupt           
00003c21  vPortStartFirstTask                
0000351b  vPortValidateInterruptPriority     
000032a9  vQueueAddToRegistry                
0000300d  vQueueDelete                       
00003031  vQueueSetQueueNumber               
00003357  vQueueUnregisterQueue              
00000601  vTaskDelay                         
000004c7  vTaskDelete                        
00000be1  vTaskEndScheduler                  
00002321  vTaskGenericNotifyGiveFromISR      
000018d5  vTaskGetInfo                       
000016fb  vTaskInternalSetTimeOutState       
000017c5  vTaskMissedYield                   
000013d1  vTaskPlaceOnEventList              
00001401  vTaskPlaceOnUnorderedEventList     
00001d05  vTaskPriorityDisinheritAfterTimeout
0000078d  vTaskPrioritySet                   
000015c1  vTaskRemoveFromUnorderedEventList  
000009ef  vTaskResume                        
000017f1  vTaskSetTaskNumber                 
000016dd  vTaskSetTimeOutState               
00000b97  vTaskStartScheduler                
000008dd  vTaskSuspend                       
00000bfd  vTaskSuspendAll                    
0000134d  vTaskSwitchContext                 
00003cf3  xPortGetFreeHeapSize               
00003ba1  xPortPendSVHandler                 
0000340f  xPortStartScheduler                
000034db  xPortSysTickHandler                
0000287d  xQueueCreateCountingSemaphore      
000027cd  xQueueCreateMutex                  
000026f3  xQueueGenericCreate                
00002621  xQueueGenericReset                 
000028ad  xQueueGenericSend                  
000029e3  xQueueGenericSendFromISR           
00002a89  xQueueGiveFromISR                  
000027f9  xQueueGiveMutexRecursive           
0000323d  xQueueIsQueueEmptyFromISR          
00003283  xQueueIsQueueFullFromISR           
00002da5  xQueuePeek                         
00002f6b  xQueuePeekFromISR                  
00002b21  xQueueReceive                      
00002ecd  xQueueReceiveFromISR               
20004e84  xQueueRegistry                     
00002c45  xQueueSemaphoreTake                
00002835  xQueueTakeMutexRecursive           
000010a1  xTaskAbortDelay                    
00001081  xTaskCatchUpTicks                  
00001719  xTaskCheckForTimeOut               
0000026d  xTaskCreate                        
00000553  xTaskDelayUntil                    
00001fb5  xTaskGenericNotify                 
0000213d  xTaskGenericNotifyFromISR          
00002489  xTaskGenericNotifyStateClear       
00001eeb  xTaskGenericNotifyWait             
00001ad1  xTaskGetCurrentTaskHandle          
00000f25  xTaskGetHandle                     
0000107b  xTaskGetIdleTaskHandle             
00001af1  xTaskGetSchedulerState             
00000db9  xTaskGetTickCount                  
00000dd9  xTaskGetTickCountFromISR           
00001181  xTaskIncrementTick                 
00001c31  xTaskPriorityDisinherit            
00001b31  xTaskPriorityInherit               
0000146d  xTaskRemoveFromEventList           
00000c19  xTaskResumeAll                     
00000abd  xTaskResumeFromISR                 


GLOBAL SYMBOLS: SORTED BY Symbol Address 

address   name                               
-------   ----                               
00000000  __TI_static_base__                 
00000000  g_pfnVectors                       
00000200  __STACK_SIZE                       
0000026d  xTaskCreate                        
000004c7  vTaskDelete                        
00000553  xTaskDelayUntil                    
00000601  vTaskDelay                         
00000655  eTaskGetState                      
00000719  uxTaskPriorityGet                  
00000741  uxTaskPriorityGetFromISR           
0000078d  vTaskPrioritySet                   
000008dd  vTaskSuspend                       
000009ef  vTaskResume                        
00000abd  xTaskResumeFromISR                 
00000b97  vTaskStartScheduler                
00000be1  vTaskEndScheduler                  
00000bfd  vTaskSuspendAll                    
00000c19  xTaskResumeAll                     
00000db9  xTaskGetTickCount                  
00000dd9  xTaskGetTickCountFromISR           
00000e0d  uxTaskGetNumberOfTasks             
00000e19  pcTaskGetName                      
00000f25  xTaskGetHandle                     
00000fa9  uxTaskGetSystemState               
0000107b  xTaskGetIdleTaskHandle             
00001081  xTaskCatchUpTicks                  
000010a1  xTaskAbortDelay                    
00001181  xTaskIncrementTick                 
0000134d  vTaskSwitchContext                 
000013d1  vTaskPlaceOnEventList              
00001401  vTaskPlaceOnUnorderedEventList     
0000146d  xTaskRemoveFromEventList           
000015c1  vTaskRemoveFromUnorderedEventList  
000016dd  vTaskSetTimeOutState               
000016fb  vTaskInternalSetTimeOutState       
00001719  xTaskCheckForTimeOut               
000017c5  vTaskMissedYield                   
000017d1  uxTaskGetTaskNumber                
000017f1  vTaskSetTaskNumber                 
000018d5  vTaskGetInfo                       
00001a65  uxTaskGetStackHighWaterMark        
00001ad1  xTaskGetCurrentTaskHandle          
00001af1  xTaskGetSchedulerState             
00001b31  xTaskPriorityInherit               
00001c31  xTaskPriorityDisinherit            
00001d05  vTaskPriorityDisinheritAfterTimeout
00001df9  uxTaskResetEventItemValue          
00001e1f  pvTaskIncrementMutexHeldCount      
00001e45  ulTaskGenericNotifyTake            
00001eeb  xTaskGenericNotifyWait             
00001fb5  xTaskGenericNotify                 
0000213d  xTaskGenericNotifyFromISR          
00002321  vTaskGenericNotifyGiveFromISR      
00002489  xTaskGenericNotifyStateClear       
000024d3  ulTaskGenericNotifyValueClear      
00002621  xQueueGenericReset                 
000026f3  xQueueGenericCreate                
000027cd  xQueueCreateMutex                  
000027f9  xQueueGiveMutexRecursive           
00002835  xQueueTakeMutexRecursive           
0000287d  xQueueCreateCountingSemaphore      
000028ad  xQueueGenericSend                  
000029e3  xQueueGenericSendFromISR           
00002a89  xQueueGiveFromISR                  
00002b21  xQueueReceive                      
00002c45  xQueueSemaphoreTake                
00002da5  xQueuePeek                         
00002ecd  xQueueReceiveFromISR               
00002f6b  xQueuePeekFromISR                  
00002fc1  uxQueueMessagesWaiting             
00002fd7  uxQueueSpacesAvailable             
00002ff7  uxQueueMessagesWaitingFromISR      
0000300d  vQueueDelete                       
00003023  uxQueueGetQueueNumber              
00003031  vQueueSetQueueNumber               
00003043  ucQueueGetQueueType                
0000323d  xQueueIsQueueEmptyFromISR          
00003283  xQueueIsQueueFullFromISR           
000032a9  vQueueAddToRegistry                
00003317  pcQueueGetName                     
00003357  vQueueUnregisterQueue              
000033a5  pxPortInitialiseStack              
0000340f  xPortStartScheduler                
000034a3  vPortEndScheduler                  
000034a5  vPortEnterCritical                 
000034c5  vPortExitCritical                  
000034db  xPortSysTickHandler                
00003501  vPortSetupTimerInterrupt           
0000351b  vPortValidateInterruptPriority     
0000356d  GPIOPadConfigSet                   
000036d9  task1                              
00003741  task2                              
0000375f  PORTF_Init                         
00003771  UART0_Init                         
000037ab  main                               
00003839  vListInitialise                    
00003869  vListInitialiseItem                
00003879  vListInsertEnd                     
000038b5  vListInsert                        
00003923  uxListRemove                       
0000396d  SysCtlClockGet                     
00003a85  SysCtlClockSet                     
00003b89  ulPortGetIPSR                      
00003ba1  xPortPendSVHandler                 
00003c01  vPortSVCHandler                    
00003c21  vPortStartFirstTask                
00003c45  vPortEnableVFP                     
00003c55  pvPortMalloc                       
00003ce1  vPortFree                          
00003ceb  vPortInitialiseBlocks              
00003cf3  xPortGetFreeHeapSize               
00003d0d  __aeabi_memcpy                     
00003d0d  __aeabi_memcpy4                    
00003d0d  __aeabi_memcpy8                    
00003d0d  memcpy                             
00003da9  __aeabi_memclr                     
00003da9  __aeabi_memclr4                    
00003da9  __aeabi_memclr8                    
00003dab  __aeabi_memset                     
00003dab  __aeabi_memset4                    
00003dab  __aeabi_memset8                    
00003db1  memset                             
00003e23  __TI_decompress_lzss               
00003e8b  UARTConfigSetExpClk                
00003ed1  __TI_auto_init_nobinit_nopinit     
00003f15  SysCtlPeripheralEnable             
00003f49  _c_int00_noargs                    
00003f7d  GPIODirModeSet                     
00003fa9  UARTDisable                        
00003fc9  GPIOPinTypeGPIOOutput              
00003fe3  GPIOPinTypeUART                    
00003ff9  UARTEnable                         
0000400d  __TI_decompress_none               
0000401b  __TI_zero_init                     
00004027  ResetISR                           
00004033  UARTCharGet                        
0000403d  GPIOPinWrite                       
00004043  SysCtlDelay                        
00004049  UARTClockSourceSet                 
0000404f  _system_pre_init                   
00004053  C$$EXIT                            
00004053  abort                              
000040c4  ulMaxSyscallInterruptPriority      
000040cc  uxTopUsedPriority                  
000040ec  __TI_Handler_Table_Base            
000040f8  __TI_Handler_Table_Limit           
00004100  __TI_CINIT_Base                    
00004110  __TI_CINIT_Limit                   
20000000  __start___llvm_prf_cnts            
20000000  __stop___llvm_prf_cnts             
20004e84  xQueueRegistry                     
20004f40  dataFromUART                       
20004f48  __stack                            
20005148  __STACK_END                        
20005148  __STACK_TOP                        
20005148  pxCurrentTCB                       
ffffffff  __TI_pprof_out_hndl                
ffffffff  __TI_prof_data_size                
ffffffff  __TI_prof_data_start               
ffffffff  __binit__                          
ffffffff  __c_args__                         
ffffffff  binit                              
UNDEFED   __mpu_init                         
UNDEFED   _system_post_cinit                 

[164 symbols]
